// Jest Snapshot v1, https://goo.gl/fbAQLP

exports[`UserListItem should match the snapshot 1`] = `
<View
  accessibilityState={
    {
      "busy": undefined,
      "checked": undefined,
      "disabled": undefined,
      "expanded": undefined,
      "selected": undefined,
    }
  }
  accessibilityValue={
    {
      "max": undefined,
      "min": undefined,
      "now": undefined,
      "text": undefined,
    }
  }
  accessible={true}
  collapsable={false}
  focusable={true}
  onClick={[Function]}
  onResponderGrant={[Function]}
  onResponderMove={[Function]}
  onResponderRelease={[Function]}
  onResponderTerminate={[Function]}
  onResponderTerminationRequest={[Function]}
  onStartShouldSetResponder={[Function]}
  style={
    {
      "alignItems": "center",
      "backgroundColor": "#fff",
      "borderBottomColor": "#f0f0f0",
      "borderBottomWidth": 1,
      "flexDirection": "row",
      "justifyContent": "space-between",
      "opacity": 1,
      "paddingHorizontal": 16,
      "paddingVertical": 12,
    }
  }
>
  <View
    style={
      {
        "alignItems": "center",
        "flex": 1,
        "flexDirection": "row",
      }
    }
  >
    <View
      style={
        {
          "alignItems": "center",
          "backgroundColor": "#e3effa",
          "borderRadius": 4,
          "height": 40,
          "justifyContent": "center",
          "width": 40,
        }
      }
    >
      <Text
        style={
          {
            "color": "#0b5ac2",
            "fontSize": 16,
            "fontWeight": "bold",
          }
        }
      >
        J
      </Text>
    </View>
    <View
      style={
        {
          "flex": 1,
          "marginLeft": 16,
        }
      }
    >
      <Text
        style={
          {
            "color": "#191a1a",
            "fontSize": 16,
          }
        }
      >
        Jane Doe
      </Text>
    </View>
    <Text
      style={
        {
          "color": "#888",
          "fontSize": 14,
          "marginRight": 8,
        }
      }
    >
      Admin
    </Text>
  </View>
  <View
    accessibilityState={
      {
        "busy": undefined,
        "checked": undefined,
        "disabled": undefined,
        "expanded": undefined,
        "selected": undefined,
      }
    }
    accessibilityValue={
      {
        "max": undefined,
        "min": undefined,
        "now": undefined,
        "text": undefined,
      }
    }
    accessible={true}
    collapsable={false}
    focusable={true}
    onClick={[Function]}
    onResponderGrant={[Function]}
    onResponderMove={[Function]}
    onResponderRelease={[Function]}
    onResponderTerminate={[Function]}
    onResponderTerminationRequest={[Function]}
    onStartShouldSetResponder={[Function]}
    style={
      {
        "opacity": 1,
        "padding": 8,
      }
    }
    testID="userlistitem-delete-button"
  >
    <Image
      source={
        {
          "testUri": "../../../src/assets/trash.png",
        }
      }
      style={
        [
          {
            "height": 24,
            "width": 24,
          },
          undefined,
        ]
      }
    />
  </View>
</View>
`;
