// Jest Snapshot v1, https://goo.gl/fbAQLP

exports[`Icon should render correctly and match the snapshot 1`] = `
<Image
  source={
    {
      "testUri": "../../../src/assets/search.png",
    }
  }
  style={
    [
      {
        "height": 24,
        "width": 24,
      },
      undefined,
    ]
  }
/>
`;
